// Jest Snapshot v1, https://goo.gl/fbAQLP

exports[`<Banner /> Should render correctly 1`] = `
<div>
  <div
    class="css-12g2fob-BannerRoot e41i72w3"
  >
    <img
      alt="react-next-boilerplate"
      class="css-1gb4ms7-Logo e41i72w0"
      src="/static/images/reac-next-boilerplate-logo.svg"
    />
    <h1
      class="css-3j23gb-Title e41i72w2"
    />
    <h2
      class="css-15g2rhr-SubTitle e41i72w1"
    />
  </div>
</div>
`;
