// Jest Snapshot v1, https://goo.gl/fbAQLP

exports[`<Header /> Should render correctly 1`] = `
<div>
  <header
    class="css-15etwxy-HeaderRoot e18nlj2v5"
  >
    <div
      class="css-kubhes-HeaderContainer e18nlj2v4"
    >
      <nav
        class="css-11njdmq-NavRoot e18nlj2v3"
      >
        <div
          class="css-1hbc6ct-ListItem e18nlj2v2"
        >
          <a
            href="#features"
          >
            <span
              class="css-15ani8u-ItemLink er605q0"
              href="#features"
            />
          </a>
          <a
            href="#exampleGetApi"
          >
            <span
              class="css-15ani8u-ItemLink er605q0"
              href="#exampleGetApi"
            />
          </a>
        </div>
        <div
          class="css-13ln5v8-Space e18nlj2v0"
        />
        <div
          class="css-1at58d5-ListActions e18nlj2v1"
        >
          <select
            class="css-1j005nt-SelectRoot e8vzfuc0"
            id="languages"
            name="languages"
          >
            <option
              value="es"
            />
            <option
              value="en"
            />
          </select>
        </div>
      </nav>
    </div>
  </header>
</div>
`;
